[garantaofertasoline.com/index.html]
[backblue.gif]
[fade.gif]
[index.html]
[projeto-net.online/wp-content/plugins/elementor/assets/css/frontend-lite.minf3b2.css]
[projeto-net.online/wp-content/plugins/elementor/assets/lib/swiper/v8/css/swiper.min94a4.css]
[projeto-net.online/wp-content/uploads/elementor/css/post-67a89.css]
[projeto-net.online/wp-content/plugins/elementor-pro/assets/css/frontend-lite.mine7ad.css]
[projeto-net.online/wp-content/plugins/elementor/assets/lib/font-awesome/css/all.minf3b2.css]
[projeto-net.online/wp-content/plugins/elementor/assets/lib/font-awesome/css/v4-shims.minf3b2.css]
[projeto-net.online/wp-content/uploads/elementor/css/global9190.css]
[projeto-net.online/wp-content/uploads/elementor/css/post-4805350d.css]
[projeto-net.online/wp-content/plugins/essential-addons-for-elementor-lite/assets/front-end/css/view/general.min271b.css]
[projeto-net.online/wp-content/plugins/happy-elementor-addons/assets/fonts/style.min40a1.css]
[projeto-net.online/wp-content/plugins/elementor/assets/lib/font-awesome/css/font-awesome.min1849.css]
[projeto-net.online/wp-content/plugins/royal-elementor-addons/assets/css/lib/animations/text-animations.min1ad5.css]
[projeto-net.online/wp-content/plugins/royal-elementor-addons/assets/css/frontend.min1ad5.css]
[projeto-net.online/wp-content/plugins/elementor/assets/lib/font-awesome/js/v4-shims.minf3b2.js]
[projeto-net.online/wp-includes/js/jquery/jquery.minf43b.js]
[projeto-net.online/wp-includes/js/jquery/jquery-migrate.min5589.js]
[projeto-net.online/wp-content/plugins/elementor/assets/css/widget-icon-box.min.css]
[projeto-net.online/wp-content/uploads/2024/02/4fa34262-06c6-4f76-8a54-885430ea3851.png]
[garantaofertasoline.com/p2/index.html]
[projeto-net.online/wp-content/plugins/elementor/assets/lib/animations/animations.minf3b2.css]
[projeto-net.online/wp-content/plugins/royal-elementor-addons/assets/js/lib/particles/particles7c45.js]
[projeto-net.online/wp-content/plugins/royal-elementor-addons/assets/js/lib/jarallax/jarallax.minf184.js]
[projeto-net.online/wp-content/plugins/royal-elementor-addons/assets/js/lib/parallax/parallax.min5152.js]
[projeto-net.online/wp-content/plugins/essential-addons-for-elementor-lite/assets/front-end/js/view/general.min271b.js]
[projeto-net.online/wp-content/plugins/happy-elementor-addons/assets/js/happy-addons.min40a1.js]
[projeto-net.online/wp-content/plugins/elementor/assets/lib/jquery-numerator/jquery-numerator.min3958.js]
[projeto-net.online/wp-content/plugins/elementor-pro/assets/js/webpack-pro.runtime.mine7ad.js]
[projeto-net.online/wp-content/plugins/elementor/assets/js/webpack.runtime.minf3b2.js]
[projeto-net.online/wp-content/plugins/elementor/assets/js/frontend-modules.minf3b2.js]
[projeto-net.online/wp-includes/js/dist/vendor/wp-polyfill-inert.min0226.js]
[projeto-net.online/wp-includes/js/dist/vendor/regenerator-runtime.min6c85.js]
[projeto-net.online/wp-includes/js/dist/vendor/wp-polyfill.min2c7c.js]
[projeto-net.online/wp-includes/js/dist/hooks.min2757.js]
[projeto-net.online/wp-includes/js/dist/i18n.minc33c.js]
[projeto-net.online/wp-content/plugins/elementor-pro/assets/js/frontend.mine7ad.js]
[projeto-net.online/wp-content/plugins/elementor/assets/lib/waypoints/waypoints.min05da.js]
[projeto-net.online/wp-includes/js/jquery/ui/core.min3f14.js]
[projeto-net.online/wp-content/plugins/elementor/assets/js/frontend.minf3b2.js]
[projeto-net.online/wp-content/plugins/elementor-pro/assets/js/elements-handlers.mine7ad.js]
[projeto-net.online/wp-content/plugins/royal-elementor-addons/assets/js/frontend.min1ad5.js]
[projeto-net.online/wp-content/plugins/royal-elementor-addons/assets/js/modal-popups.min1ad5.js]
[garantaofertasoline.com/index.html]
[projeto-net.online/wp-content/plugins/elementor/assets/css/frontend-lite.minf3b2.css]
[projeto-net.online/wp-content/plugins/elementor/assets/lib/swiper/v8/css/swiper.min94a4.css]
[projeto-net.online/wp-content/uploads/elementor/css/post-67a89.css]
[projeto-net.online/wp-content/plugins/elementor-pro/assets/css/frontend-lite.mine7ad.css]
[projeto-net.online/wp-content/plugins/elementor/assets/lib/font-awesome/css/all.minf3b2.css]
[projeto-net.online/wp-content/plugins/elementor/assets/lib/font-awesome/css/v4-shims.minf3b2.css]
[projeto-net.online/wp-content/uploads/elementor/css/global9190.css]
[projeto-net.online/wp-content/uploads/2024/02/Inserir-um-titulo-11.png]
[projeto-net.online/wp-content/uploads/elementor/css/post-4805350d.css]
[projeto-net.online/wp-content/plugins/essential-addons-for-elementor-lite/assets/front-end/css/view/general.min271b.css]
[projeto-net.online/wp-content/plugins/happy-elementor-addons/assets/fonts/happy-icons.woff2]
[projeto-net.online/wp-content/plugins/happy-elementor-addons/assets/fonts/style.min40a1.css]
[projeto-net.online/wp-content/plugins/elementor/assets/lib/font-awesome/css/font-awesome.min1849.css]
[projeto-net.online/wp-content/plugins/royal-elementor-addons/assets/css/lib/animations/text-animations.min1ad5.css]
[projeto-net.online/wp-content/plugins/royal-elementor-addons/assets/css/frontend.min1ad5.css]
[projeto-net.online/wp-content/plugins/elementor/assets/lib/font-awesome/js/v4-shims.minf3b2.js]
[projeto-net.online/wp-includes/js/jquery/jquery.minf43b.js]
[projeto-net.online/wp-includes/js/jquery/jquery-migrate.min5589.js]
[projeto-net.online/wp-content/plugins/elementor/assets/css/widget-icon-box.min.css]
[projeto-net.online/wp-content/plugins/happy-elementor-addons/assets/fonts/happy-icons.woff]
[garantaofertasoline.com/Trident/index.html]
[projeto-net.online/wp-content/plugins/happy-elementor-addons/assets/fonts/happy-icons.svg]
[projeto-net.online/wp-content/uploads/elementor/css/post-15466966.css]
[projeto-net.online/wp-content/uploads/2024/06/ft1.jpg]
[garantaofertasoline.com/p2/index.html]
[projeto-net.online/wp-content/plugins/elementor/assets/lib/animations/animations.minf3b2.css]
[garantaofertasoline.com/p3/index.html]
[garantaofertasoline.com/GET.2e.delayed]
[garantaofertasoline.com/Error pJS - No image.src]
[projeto-net.online/wp-content/plugins/royal-elementor-addons/assets/js/lib/particles/particles7c45.js]
[projeto-net.online/wp-content/plugins/royal-elementor-addons/assets/js/lib/jarallax/jarallax.minf184.js]
[projeto-net.online/wp-content/plugins/royal-elementor-addons/assets/js/lib/parallax/parallax.min5152.js]
[projeto-net.online/wp-content/plugins/essential-addons-for-elementor-lite/assets/front-end/js/view/general.min271b.js]
[projeto-net.online/wp-content/plugins/happy-elementor-addons/assets/js/happy-addons.min40a1.js]
[projeto-net.online/wp-content/plugins/elementor/assets/lib/jquery-numerator/jquery-numerator.min3958.js]
[projeto-net.online/wp-content/plugins/elementor-pro/assets/js/webpack-pro.runtime.mine7ad.js]
[projeto-net.online/wp-content/plugins/elementor/assets/js/webpack.runtime.minf3b2.js]
[projeto-net.online/wp-content/plugins/elementor/assets/js/frontend-modules.minf3b2.js]
[projeto-net.online/wp-includes/js/dist/vendor/wp-polyfill-inert.min0226.js]
[projeto-net.online/wp-includes/js/dist/vendor/regenerator-runtime.min6c85.js]
[projeto-net.online/wp-includes/js/dist/vendor/wp-polyfill.min2c7c.js]
[projeto-net.online/wp-includes/js/dist/hooks.min2757.js]
[projeto-net.online/wp-includes/js/dist/i18n.minc33c.js]
[projeto-net.online/wp-content/plugins/elementor-pro/assets/js/frontend.mine7ad.js]
[projeto-net.online/wp-content/plugins/elementor/assets/lib/waypoints/waypoints.min05da.js]
[projeto-net.online/wp-includes/js/jquery/ui/core.min3f14.js]
[garantaofertasoline.com/Edge/index.html]
[garantaofertasoline.com/-negative.svg]
[projeto-net.online/wp-content/plugins/elementor/assets/js/frontend.minf3b2.js]
[garantaofertasoline.com/window.location.href]
[projeto-net.online/wp-content/plugins/elementor-pro/assets/js/elements-handlers.mine7ad.js]
[garantaofertasoline.com/OPR/index.html]
[connect.facebook.net/en_US/sdk.js]
[www.google.com/recaptcha/api3398.js]
[projeto-net.online/wp-content/plugins/royal-elementor-addons/assets/js/frontend.min1ad5.js]
[projeto-net.online/wp-content/plugins/royal-elementor-addons/assets/js/modal-popups.min1ad5.js]
[projeto-net.online/wp-content/plugins/happy-elementor-addons/assets/fonts/happy-icons.svg]
[garantaofertasoline.com/Trident/index.html]
[projeto-net.online/wp-content/uploads/elementor/css/post-15466966.css]
[projeto-net.online/wp-content/uploads/elementor/css/post-457315cf.css]
[projeto-net.online/wp-content/uploads/2024/06/ft2.jpg]
[garantaofertasoline.com/p3/index.html]
[garantaofertasoline.com/GET.html]
[garantaofertasoline.com/Error pJS - No image.html]
[garantaofertasoline.com/Edge/index.html]
[garantaofertasoline.com/-negative.html]
[garantaofertasoline.com/OPR/index.html]
[garantaofertasoline.com/window.location.html]
[connect.facebook.net/en_US/sdk.js]
[projeto-net.online/wp-content/uploads/elementor/css/post-457315cf.css]
[garantaofertasoline.com/p4/index.html]
[projeto-net.online/wp-content/uploads/elementor/css/post-45789f9e.css]
[projeto-net.online/wp-content/uploads/2024/06/ft3.jpg]
[garantaofertasoline.com/p4/index.html]
[projeto-net.online/wp-content/uploads/elementor/css/post-45789f9e.css]
[garantaofertasoline.com/p5/index.html]
[projeto-net.online/wp-content/uploads/elementor/css/post-45836697.css]
[ajax.googleapis.com/ajax/libs/jquery/3.5.1/jquery.min.js]
[garantaofertasoline.com/p5/index.html]
[projeto-net.online/wp-content/uploads/elementor/css/post-45836697.css]
[garantaofertasoline.com/p6/index.html]
[garantaofertasoline.com/p6/index.html]
[projeto-net.online/wp-content/uploads/elementor/css/post-4588e5fc.css]
[projeto-net.online/wp-content/uploads/elementor/css/post-4588e5fc.css]
[garantaofertasoline.com/p7/index.html]
[garantaofertasoline.com/p7/index.html]
[projeto-net.online/wp-content/uploads/elementor/css/post-4596b853.css]
[projeto-net.online/wp-content/uploads/elementor/css/post-4596b853.css]
[garantaofertasoline.com/p8/index.html]
[projeto-net.online/wp-content/uploads/elementor/css/post-4914fbef.css]
[projeto-net.online/wp-content/uploads/2024/06/ft4.jpg]
[garantaofertasoline.com/p8/index.html]
[projeto-net.online/wp-content/uploads/elementor/css/post-4914fbef.css]
[garantaofertasoline.com/p9/index.html]
[projeto-net.online/wp-content/uploads/elementor/css/post-4598839b.css]
[projeto-net.online/wp-content/uploads/2024/06/ft5.jpg]
[garantaofertasoline.com/p9/index.html]
[projeto-net.online/wp-content/uploads/elementor/css/post-4598839b.css]
[garantaofertasoline.com/p10/index.html]
[projeto-net.online/wp-content/uploads/elementor/css/post-4838cf35.css]
[garantaofertasoline.com/p10/index.html]
[projeto-net.online/wp-content/uploads/elementor/css/post-4838cf35.css]
[cdn.jsdelivr.net/npm/notiflix@2.6.0/dist/notiflix-aio-2.6.0.min.js]
